// Jest Snapshot v1, https://goo.gl/fbAQLP

exports[`c-card using slots should render with the right markup 1`] = `
<c-card-test>
  #shadow-root(open)
    <c-card>
      #shadow-root(open)
        <article
          class="slds-card slds-card_narrow"
        >
          <div
            class="slds-card__header slds-grid"
          >
            <header
              class="slds-media slds-media_center slds-has-flexi-truncate"
            >
              <div
                class="slds-media__body"
              >
                <h2
                  class="slds-card__header-title"
                >
                  <span
                    class="slds-text-heading_small slds-truncate"
                  >
                    this is the title
                  </span>
                </h2>
              </div>
              <div
                class="slds-no-flex"
              >
                <slot
                  name="actions"
                />
              </div>
            </header>
          </div>
          <div
            class="slds-card__body"
          >
            <slot />
          </div>
          <div
            class="slds-card__footer"
          >
            <slot
              name="footer"
            />
          </div>
        </article>
      <h1>
        This is the body
      </h1>
      <span
        slot="footer"
      >
        This is the footer
      </span>
    </c-card>
    <c-card>
      #shadow-root(open)
        <article
          class="slds-card"
        >
          <div
            class="slds-card__header slds-grid"
          >
            <header
              class="slds-media slds-media_center slds-has-flexi-truncate"
            >
              <div
                class="slds-media__body"
              >
                <h2
                  class="slds-card__header-title"
                >
                  <span
                    class="slds-text-heading_small slds-truncate"
                  >
                    <slot
                      name="title"
                    />
                  </span>
                </h2>
              </div>
              <div
                class="slds-no-flex"
              >
                <slot
                  name="actions"
                />
              </div>
            </header>
          </div>
          <div
            class="slds-card__body"
          >
            <slot />
          </div>
          <div
            class="slds-card__footer"
          >
            <slot
              name="footer"
            />
          </div>
        </article>
      <h1
        slot="title"
      >
        This an slot title
      </h1>
      <h1>
        This is the body
      </h1>
      <span
        slot="footer"
      >
        This is the footer
      </span>
    </c-card>
</c-card-test>
`;
