// Jest Snapshot v1, https://goo.gl/fbAQLP

exports[`c-accordion-section accordion section markup default 1`] = `
<c-accordion-section
  class="slds-accordion__list-item"
  role="listitem"
>
  #shadow-root(open)
    <section
      class="slds-accordion__section"
    >
      <div
        class="slds-accordion__summary"
      >
        <h3
          class="slds-accordion__summary-heading"
        >
          <button
            aria-controls="[shadow:guid]"
            aria-expanded="false"
            class="section-control slds-button slds-button_reset slds-accordion__summary-action"
            type="button"
          >
            <c-primitive-icon>
              #shadow-root(open)
                <svg
                  aria-hidden="true"
                  class="slds-accordion__summary-action-icon slds-button__icon slds-button__icon_left slds-icon slds-icon-text-default slds-icon_x-small"
                  data-key="switch"
                  focusable="false"
                >
                  <use
                    xlink:href="/assets/icons/utility-sprite/svg/symbols.svg#switch"
                  />
                </svg>
            </c-primitive-icon>
            <span
              title="label-val"
            >
              label-val
            </span>
          </button>
        </h3>
        <slot
          name="actions"
        />
      </div>
      <div
        aria-hidden="true"
        class="slds-accordion__content"
        hidden=""
        id="[shadow:guid]"
      >
        <slot />
      </div>
    </section>
</c-accordion-section>
`;
