// Jest Snapshot v1, https://goo.gl/fbAQLP

exports[`c-tree-item renders leaf tree-item 1`] = `
<c-tree-item>
  #shadow-root(open)
    <div
      class="slds-tree__item"
    >
      <button
        aria-hidden="true"
        class="slds-button slds-button_icon slds-m-right_x-small slds-hidden"
        tabindex="-1"
        title="Expand Tree Branch"
        type="button"
      >
        <c-primitive-icon>
          #shadow-root(open)
            <svg
              aria-hidden="true"
              class="slds-button__icon slds-button__icon_small"
              data-key="chevronright"
              focusable="false"
            >
              <use
                xlink:href="/assets/icons/utility-sprite/svg/symbols.svg#chevronright"
              />
            </svg>
        </c-primitive-icon>
        <span
          class="slds-assistive-text"
        >
          Expand Tree Branch
        </span>
      </button>
      <span
        class="slds-has-flexi-truncate"
      >
        <a
          href="href"
          role="presentation"
          tabindex="-1"
        >
          <span
            class="slds-tree__item-label slds-truncate"
            title="label"
          >
            label
          </span>
          <span
            class="slds-tree__item-meta slds-truncate"
            title="metatext"
          >
            <span
              class="slds-assistive-text"
            >
              :
            </span>
            metatext
          </span>
        </a>
      </span>
    </div>
</c-tree-item>
`;
